18:14:20 **** Incremental Build of configuration Debug for project my_app ****
make all 
make --no-print-directory pre-build
a9-linaro-pre-build-step
 
make --no-print-directory main-build
Building file: ../src/helloworld.c
Invoking: ARM v7 gcc compiler
arm-none-eabi-gcc -Wall -O0 -g3 -c -fmessage-length=0 -MT"src/helloworld.o" -mcpu=cortex-a9 -mfpu=vfpv3 -mfloat-abi=hard -I/home/stud2022/2milewski/JOS/lab4/vivado_gameplay/block_design_1/design_1_wrapper/export/design_1_wrapper/sw/design_1_wrapper/standalone_ps7_cortexa9_0/bspinclude/include -MMD -MP -MF"src/helloworld.d" -MT"src/helloworld.o" -o "src/helloworld.o" "../src/helloworld.c"
In file included from /home/stud2022/2milewski/JOS/lab4/vivado_gameplay/block_design_1/design_1_wrapper/export/design_1_wrapper/sw/design_1_wrapper/standalone_ps7_cortexa9_0/bspinclude/include/xil_types.h:48,
                 from /home/stud2022/2milewski/JOS/lab4/vivado_gameplay/block_design_1/design_1_wrapper/export/design_1_wrapper/sw/design_1_wrapper/standalone_ps7_cortexa9_0/bspinclude/include/xil_printf.h:15,
                 from ../src/helloworld.c:50:
../src/helloworld.c: In function 'main':
/home/stud2022/2milewski/JOS/lab4/vivado_gameplay/block_design_1/design_1_wrapper/export/design_1_wrapper/sw/design_1_wrapper/standalone_ps7_cortexa9_0/bspinclude/include/xparameters.h:309:34: warning: unsigned conversion from 'int' to 'u16' {aka 'short unsigned int'} changes value from '1092616192' to '0' [-Woverflow]
  309 | #define XPAR_AXI_GPIO_0_BASEADDR 0x41200000
      |                                  ^~~~~~~~~~
../src/helloworld.c:67:42: note: in expansion of macro 'XPAR_AXI_GPIO_0_BASEADDR'
   67 |         Status = XGpio_Initialize(&Gpio, XPAR_AXI_GPIO_0_BASEADDR);
      |                                          ^~~~~~~~~~~~~~~~~~~~~~~~
../src/helloworld.c:83:17: warning: implicit declaration of function 'sleep' [-Wimplicit-function-declaration]
   83 |                 sleep(1);
      |                 ^~~~~
Finished building: ../src/helloworld.c
 
Building target: my_app.elf
Invoking: ARM v7 gcc linker
arm-none-eabi-gcc -mcpu=cortex-a9 -mfpu=vfpv3 -mfloat-abi=hard -Wl,-build-id=none -specs=Xilinx.spec -Wl,-T -Wl,../src/lscript.ld -L/home/stud2022/2milewski/JOS/lab4/vivado_gameplay/block_design_1/design_1_wrapper/export/design_1_wrapper/sw/design_1_wrapper/standalone_ps7_cortexa9_0/bsplib/lib -o "my_app.elf" ./src/helloworld.o ./src/platform.o   -Wl,--start-group,-lxil,-lgcc,-lc,--end-group
Finished building target: my_app.elf
 
Invoking: ARM v7 Print Size
arm-none-eabi-size my_app.elf  |tee "my_app.elf.size"
   text	   data	    bss	    dec	    hex	filename
  23629	   1160	  22584	  47373	   b90d	my_app.elf
Finished building: my_app.elf.size
 

18:14:21 Build Finished (took 929ms)

